
/home/runner/work/exp-testing-of-butter-iitk/exp-testing-of-butter-iitk/experiment/simulation/script.js
     8:9   warning  'introOverlay' is assigned a value but never used           no-unused-vars
     9:9   warning  'btnStart' is assigned a value but never used               no-unused-vars
    21:9   warning  'ethylAlcohol' is assigned a value but never used           no-unused-vars
    22:9   warning  'ethylAlcoholSolution' is assigned a value but never used   no-unused-vars
    23:9   warning  'ammonia' is assigned a value but never used                no-unused-vars
    24:9   warning  'petroleumEtherImage' is assigned a value but never used    no-unused-vars
    25:9   warning  'ammoniaSolution' is assigned a value but never used        no-unused-vars
    33:9   warning  'porcelainDishSolution' is assigned a value but never used  no-unused-vars
    42:9   warning  'separatingFunnel' is assigned a value but never used       no-unused-vars
    58:9   warning  'waterBathScreen' is assigned a value but never used        no-unused-vars
    61:9   warning  'waterBathTimer' is assigned a value but never used         no-unused-vars
    63:9   warning  'tempBtn' is assigned a value but never used                no-unused-vars
   107:9   warning  'answerCheck' is assigned a value but never used            no-unused-vars
   157:7   warning  'isON' is assigned a value but never used                   no-unused-vars
   158:7   warning  'isTareOn' is assigned a value but never used               no-unused-vars
   163:7   warning  'timerMinutes' is assigned a value but never used           no-unused-vars
   164:7   warning  'timerSeconds' is assigned a value but never used           no-unused-vars
   165:7   warning  'activeMode' is assigned a value but never used             no-unused-vars
   166:7   warning  'timerInterval' is assigned a value but never used          no-unused-vars
   333:18  warning  'runIntroductionSequence' is defined but never used         no-unused-vars
   753:11  warning  'pouring' is not defined                                    no-undef
   754:9   warning  'pouring' is not defined                                    no-undef
   755:9   warning  'pouring' is not defined                                    no-undef
   849:11  warning  'pouring' is not defined                                    no-undef
   850:9   warning  'pouring' is not defined                                    no-undef
   851:9   warning  'pouring' is not defined                                    no-undef
   884:11  warning  'originalTop' is assigned a value but never used            no-unused-vars
   885:11  warning  'originalLeft' is assigned a value but never used           no-unused-vars
  1340:13  warning  'runIntroductionSequence' is not defined                    no-undef
  1343:7   warning  'experimentStep' is not defined                             no-undef
  1344:7   warning  'updateInstruction' is not defined                          no-undef

✖ 31 problems (0 errors, 31 warnings)

